// Jest Snapshot v1, https://goo.gl/fbAQLP

exports[`AppFooter snapshot 1`] = `
<el-footer-stub
  class="footer"
  height="60px"
>
  <connection-stub
    icons="[object Object]"
  />
</el-footer-stub>
`;
