// Jest Snapshot v1, https://goo.gl/fbAQLP

exports[`AppHeader snapshot 1`] = `
<el-header-stub
  class="header"
  height="60px"
>
  <logo-stub
    class="logo"
    color="white"
  />
</el-header-stub>
`;
