// Jest Snapshot v1, https://goo.gl/fbAQLP

exports[`AppButton snapshot 1`] = `
<el-button-stub
  icon=""
  nativetype="button"
  type="primary"
/>
`;
