// Jest Snapshot v1, https://goo.gl/fbAQLP

exports[`Select snapshot 1`] = `
<el-select-stub
  autocomplete="off"
  multiplelimit="0"
  popperappendtobody="true"
  valuekey="value"
/>
`;
