// Jest Snapshot v1, https://goo.gl/fbAQLP

exports[`Top snapshot 1`] = `
<div>
  <app-header-stub />
  <el-container-stub />
</div>
`;
